******************************************************************************
                  TI ARM Linker PC v20.2.7                     
******************************************************************************
>> Linked Wed Mar 18 10:56:00 2026

OUTPUT FILE NAME:   <Basics of UART.out>
ENTRY POINT SYMBOL: "_c_int00_noargs"  address: 0000069d


MEMORY CONFIGURATION

         name            origin    length      used     unused   attr    fill
----------------------  --------  ---------  --------  --------  ----  --------
  FLASH                 00000000   00040000  0000078a  0003f876  R  X
  SRAM                  20000000   00008000  000003f8  00007c08  RW X


SEGMENT ALLOCATION MAP

run origin  load origin   length   init length attrs members
----------  ----------- ---------- ----------- ----- -------
00000000    00000000    00000790   00000790    r-x
  00000000    00000000    0000026c   0000026c    r-- .intvecs
  0000026c    0000026c    000004ee   000004ee    r-x .text
  00000760    00000760    00000030   00000030    r-- .cinit
20000000    20000000    000003f8   00000000    rw-
  20000000    20000000    00000200   00000000    rw- .stack
  20000200    20000200    000001f4   00000000    rw- .bss
  200003f4    200003f4    00000004   00000000    rw- .data


SECTION ALLOCATION MAP

 output                                  attributes/
section   page    origin      length       input sections
--------  ----  ----------  ----------   ----------------
.intvecs   0    00000000    0000026c     
                  00000000    0000026c     tm4c123gh6pm_startup_ccs.obj (.intvecs)

.text      0    0000026c    000004ee     
                  0000026c    00000250     printstr.obj (.text)
                  000004bc    0000009c     rtsv7M4_T_le_v4SPD16_eabi.lib : memcpy_t2.asm.obj (.text)
                  00000558    00000098     main.obj (.text)
                  000005f0    00000068     rtsv7M4_T_le_v4SPD16_eabi.lib : copy_decompress_lzss.c.obj (.text:decompress:lzss:__TI_decompress_lzss)
                  00000658    00000044                                   : autoinit.c.obj (.text:__TI_auto_init_nobinit_nopinit:__TI_auto_init_nobinit_nopinit)
                  0000069c    00000034                                   : boot_cortex_m.c.obj (.text:_c_int00_noargs:_c_int00_noargs)
                  000006d0    00000024     wait.obj (.text)
                  000006f4    0000001c     rtsv7M4_T_le_v4SPD16_eabi.lib : copy_zero_init.c.obj (.text:decompress:ZI:__TI_zero_init_nomemset:__TI_zero_init_nomemset)
                  00000710    00000018                                   : strcmp.c.obj (.text:strcmp)
                  00000728    00000010     clock.obj (.text)
                  00000738    0000000e     rtsv7M4_T_le_v4SPD16_eabi.lib : copy_decompress_none.c.obj (.text:decompress:none:__TI_decompress_none)
                  00000746    0000000c     tm4c123gh6pm_startup_ccs.obj (.text)
                  00000752    00000004     rtsv7M4_T_le_v4SPD16_eabi.lib : pre_init.c.obj (.text:_system_pre_init)
                  00000756    00000004                                   : exit.c.obj (.text:abort:abort)

.cinit     0    00000760    00000030     
                  00000760    0000000c     (__TI_handler_table)
                  0000076c    00000004     --HOLE-- [fill = 0]
                  00000770    00000008     (.cinit..bss.load) [load image, compression = zero_init]
                  00000778    00000007     (.cinit..data.load) [load image, compression = lzss]
                  0000077f    00000001     --HOLE-- [fill = 0]
                  00000780    00000010     (__TI_cinit_table)

.init_array 
*          0    00000000    00000000     UNINITIALIZED

.bss       0    20000200    000001f4     UNINITIALIZED
                  20000200    00000190     printstr.obj (.bss:pointarray$1)
                  20000390    00000064     printstr.obj (.bss:array$2)

.data      0    200003f4    00000004     UNINITIALIZED
                  200003f4    00000004     printstr.obj (.data)

.stack     0    20000000    00000200     UNINITIALIZED
                  20000000    00000004     rtsv7M4_T_le_v4SPD16_eabi.lib : boot_cortex_m.c.obj (.stack)
                  20000004    000001fc     --HOLE--

__llvm_prf_cnts 
*          0    20000000    00000000     UNINITIALIZED

MODULE SUMMARY

       Module                         code   ro data   rw data
       ------                         ----   -------   -------
    .\
       printstr.obj                   592    0         504    
       tm4c123gh6pm_startup_ccs.obj   12     620       0      
       main.obj                       152    0         0      
       wait.obj                       36     0         0      
       clock.obj                      16     0         0      
    +--+------------------------------+------+---------+---------+
       Total:                         808    620       504    
                                                              
    C:\ti\ccs1281\ccs\tools\compiler\ti-cgt-arm_20.2.7.LTS\lib\rtsv7M4_T_le_v4SPD16_eabi.lib
       memcpy_t2.asm.obj              156    0         0      
       copy_decompress_lzss.c.obj     104    0         0      
       autoinit.c.obj                 68     0         0      
       boot_cortex_m.c.obj            52     0         0      
       copy_zero_init.c.obj           28     0         0      
       strcmp.c.obj                   24     0         0      
       copy_decompress_none.c.obj     14     0         0      
       exit.c.obj                     4      0         0      
       pre_init.c.obj                 4      0         0      
    +--+------------------------------+------+---------+---------+
       Total:                         454    0         0      
                                                              
       Stack:                         0      0         512    
       Linker Generated:              0      43        0      
    +--+------------------------------+------+---------+---------+
       Grand Total:                   1262   663       1016   


LINKER GENERATED COPY TABLES

__TI_cinit_table @ 00000780 records: 2, size/record: 8, table size: 16
	.bss: load addr=00000770, load size=00000008 bytes, run addr=20000200, run size=000001f4 bytes, compression=zero_init
	.data: load addr=00000778, load size=00000007 bytes, run addr=200003f4, run size=00000004 bytes, compression=lzss


LINKER GENERATED HANDLER TABLE

__TI_handler_table @ 00000760 records: 3, size/record: 4, table size: 12
	index: 0, handler: __TI_decompress_lzss
	index: 1, handler: __TI_decompress_none
	index: 2, handler: __TI_zero_init


GLOBAL SYMBOLS: SORTED ALPHABETICALLY BY Name 

address   name                          
-------   ----                          
00000757  C$$EXIT                       
00000747  ResetISR                      
0000035b  UART0Check                    
20000200  __STACK_END                   
00000200  __STACK_SIZE                  
20000200  __STACK_TOP                   
00000780  __TI_CINIT_Base               
00000790  __TI_CINIT_Limit              
00000760  __TI_Handler_Table_Base       
0000076c  __TI_Handler_Table_Limit      
00000659  __TI_auto_init_nobinit_nopinit
000005f1  __TI_decompress_lzss          
00000739  __TI_decompress_none          
ffffffff  __TI_pprof_out_hndl           
ffffffff  __TI_prof_data_size           
ffffffff  __TI_prof_data_start          
00000000  __TI_static_base__            
000006f5  __TI_zero_init_nomemset       
000004bd  __aeabi_memcpy                
000004bd  __aeabi_memcpy4               
000004bd  __aeabi_memcpy8               
ffffffff  __binit__                     
ffffffff  __c_args__                    
UNDEFED   __mpu_init                    
20000000  __stack                       
20000000  __start___llvm_prf_cnts       
20000000  __stop___llvm_prf_cnts        
0000069d  _c_int00_noargs               
UNDEFED   _system_post_cinit            
00000753  _system_pre_init              
00000757  abort                         
ffffffff  binit                         
00000000  g_pfnVectors                  
000003ad  getsuart                      
00000559  initHw                        
00000729  initSystemClockTo40Mhz        
000005bf  main                          
000004bd  memcpy                        
00000297  parseData                     
0000026d  putsuart                      
00000711  strcmp                        
000006d1  waitMicrosecond               


GLOBAL SYMBOLS: SORTED BY Symbol Address 

address   name                          
-------   ----                          
00000000  __TI_static_base__            
00000000  g_pfnVectors                  
00000200  __STACK_SIZE                  
0000026d  putsuart                      
00000297  parseData                     
0000035b  UART0Check                    
000003ad  getsuart                      
000004bd  __aeabi_memcpy                
000004bd  __aeabi_memcpy4               
000004bd  __aeabi_memcpy8               
000004bd  memcpy                        
00000559  initHw                        
000005bf  main                          
000005f1  __TI_decompress_lzss          
00000659  __TI_auto_init_nobinit_nopinit
0000069d  _c_int00_noargs               
000006d1  waitMicrosecond               
000006f5  __TI_zero_init_nomemset       
00000711  strcmp                        
00000729  initSystemClockTo40Mhz        
00000739  __TI_decompress_none          
00000747  ResetISR                      
00000753  _system_pre_init              
00000757  C$$EXIT                       
00000757  abort                         
00000760  __TI_Handler_Table_Base       
0000076c  __TI_Handler_Table_Limit      
00000780  __TI_CINIT_Base               
00000790  __TI_CINIT_Limit              
20000000  __stack                       
20000000  __start___llvm_prf_cnts       
20000000  __stop___llvm_prf_cnts        
20000200  __STACK_END                   
20000200  __STACK_TOP                   
ffffffff  __TI_pprof_out_hndl           
ffffffff  __TI_prof_data_size           
ffffffff  __TI_prof_data_start          
ffffffff  __binit__                     
ffffffff  __c_args__                    
ffffffff  binit                         
UNDEFED   __mpu_init                    
UNDEFED   _system_post_cinit            

[42 symbols]
